2026-08-27 00:09:56,924 [WARNING] py.warnings: /home/iago/SSD2/projetos/financas/.venv/lib/python3.14/site-packages/slowapi/extension.py:720: DeprecationWarning: 'asyncio.iscoroutinefunction' is deprecated and slated for removal in Python 3.16; use inspect.iscoroutinefunction() instead
  if asyncio.iscoroutinefunction(func):

2026-08-27 00:09:57,445 [INFO] slowapi: Storage has been reset and all limits cleared
2026-08-27 00:09:57,452 [INFO] app.main: Aplicação iniciando
2026-08-27 00:09:57,689 [INFO] httpx: HTTP Request: POST http://testserver/auth/login "HTTP/1.1 200 OK"
2026-08-27 00:09:57,712 [INFO] httpx: HTTP Request: POST http://testserver/contas "HTTP/1.1 201 Created"
2026-08-27 00:09:57,737 [INFO] httpx: HTTP Request: GET http://testserver/auditoria?entidade=conta&acao=create "HTTP/1.1 200 OK"
2026-08-27 00:09:57,738 [INFO] app.main: Aplicação encerrando
2026-08-27 00:09:57,740 [INFO] slowapi: Storage has been reset and all limits cleared
2026-08-27 00:09:57,741 [INFO] slowapi: Storage has been reset and all limits cleared
2026-08-27 00:09:57,745 [INFO] app.main: Aplicação iniciando
2026-08-27 00:09:57,971 [INFO] httpx: HTTP Request: POST http://testserver/auth/login "HTTP/1.1 200 OK"
2026-08-27 00:09:57,977 [INFO] httpx: HTTP Request: POST http://testserver/contas "HTTP/1.1 201 Created"
2026-08-27 00:09:57,985 [INFO] httpx: HTTP Request: PUT http://testserver/contas/1 "HTTP/1.1 200 OK"
2026-08-27 00:09:57,988 [INFO] httpx: HTTP Request: GET http://testserver/auditoria?entidade=conta&acao=update "HTTP/1.1 200 OK"
2026-08-27 00:09:57,989 [INFO] app.main: Aplicação encerrando
2026-08-27 00:09:57,991 [INFO] slowapi: Storage has been reset and all limits cleared
2026-08-27 00:09:57,992 [INFO] slowapi: Storage has been reset and all limits cleared
2026-08-27 00:09:57,996 [INFO] app.main: Aplicação iniciando
2026-08-27 00:09:58,223 [INFO] httpx: HTTP Request: POST http://testserver/auth/login "HTTP/1.1 200 OK"
2026-08-27 00:09:58,229 [INFO] httpx: HTTP Request: POST http://testserver/contas "HTTP/1.1 201 Created"
2026-08-27 00:09:58,234 [INFO] httpx: HTTP Request: DELETE http://testserver/contas/1 "HTTP/1.1 204 No Content"
2026-08-27 00:09:58,237 [INFO] httpx: HTTP Request: GET http://testserver/auditoria?entidade=conta&acao=delete "HTTP/1.1 200 OK"
2026-08-27 00:09:58,238 [INFO] app.main: Aplicação encerrando
2026-08-27 00:09:58,239 [INFO] slowapi: Storage has been reset and all limits cleared
2026-08-27 00:09:58,241 [INFO] slowapi: Storage has been reset and all limits cleared
2026-08-27 00:09:58,244 [INFO] app.main: Aplicação iniciando
2026-08-27 00:09:58,473 [INFO] httpx: HTTP Request: POST http://testserver/auth/login "HTTP/1.1 200 OK"
2026-08-27 00:09:58,480 [INFO] httpx: HTTP Request: POST http://testserver/metas "HTTP/1.1 201 Created"
2026-08-27 00:09:58,485 [INFO] httpx: HTTP Request: DELETE http://testserver/metas/1 "HTTP/1.1 204 No Content"
2026-08-27 00:09:58,488 [INFO] httpx: HTTP Request: GET http://testserver/auditoria?entidade=meta&acao=delete "HTTP/1.1 200 OK"
2026-08-27 00:09:58,489 [INFO] app.main: Aplicação encerrando
2026-08-27 00:09:58,491 [INFO] slowapi: Storage has been reset and all limits cleared
2026-08-27 00:09:58,492 [INFO] slowapi: Storage has been reset and all limits cleared
2026-08-27 00:09:58,496 [INFO] app.main: Aplicação iniciando
2026-08-27 00:09:58,722 [INFO] httpx: HTTP Request: POST http://testserver/auth/login "HTTP/1.1 200 OK"
2026-08-27 00:09:58,726 [INFO] httpx: HTTP Request: GET http://testserver/auditoria?entidade=auth&acao=login "HTTP/1.1 200 OK"
2026-08-27 00:09:58,727 [INFO] app.main: Aplicação encerrando
2026-08-27 00:09:58,729 [INFO] slowapi: Storage has been reset and all limits cleared
2026-08-27 00:09:58,730 [INFO] slowapi: Storage has been reset and all limits cleared
2026-08-27 00:09:58,734 [INFO] app.main: Aplicação iniciando
2026-08-27 00:09:58,961 [INFO] httpx: HTTP Request: POST http://testserver/auth/login "HTTP/1.1 401 Unauthorized"
2026-08-27 00:09:59,187 [INFO] httpx: HTTP Request: POST http://testserver/auth/login "HTTP/1.1 200 OK"
2026-08-27 00:09:59,190 [INFO] httpx: HTTP Request: GET http://testserver/auditoria?entidade=auth&acao=login_failed "HTTP/1.1 200 OK"
2026-08-27 00:09:59,191 [INFO] app.main: Aplicação encerrando
2026-08-27 00:09:59,193 [INFO] slowapi: Storage has been reset and all limits cleared
2026-08-27 00:09:59,194 [INFO] slowapi: Storage has been reset and all limits cleared
2026-08-27 00:09:59,198 [INFO] app.main: Aplicação iniciando
2026-08-27 00:09:59,424 [INFO] httpx: HTTP Request: POST http://testserver/auth/login "HTTP/1.1 200 OK"
2026-08-27 00:09:59,429 [INFO] httpx: HTTP Request: GET http://testserver/auditoria?entidade=conta&acao=update "HTTP/1.1 200 OK"
2026-08-27 00:09:59,430 [INFO] app.main: Aplicação encerrando
2026-08-27 00:09:59,432 [INFO] slowapi: Storage has been reset and all limits cleared
2026-08-27 00:09:59,433 [INFO] slowapi: Storage has been reset and all limits cleared
2026-08-27 00:09:59,437 [INFO] app.main: Aplicação iniciando
2026-08-27 00:09:59,664 [INFO] httpx: HTTP Request: POST http://testserver/auth/login "HTTP/1.1 200 OK"
2026-08-27 00:09:59,668 [ERROR] app.audit: Falha ao registrar log de auditoria (usuario=testuser, acao=create, entidade=conta)
Traceback (most recent call last):
  File "/home/iago/SSD2/projetos/financas/backend/app/audit.py", line 60, in registrar_auditoria
    db = AuditSessionLocal()
  File "/home/iago/SSD2/projetos/financas/backend/tests/test_auditoria.py", line 116, in _quebra
    raise RuntimeError("falha simulada de auditoria")
RuntimeError: falha simulada de auditoria
2026-08-27 00:09:59,670 [INFO] httpx: HTTP Request: POST http://testserver/contas "HTTP/1.1 201 Created"
2026-08-27 00:09:59,671 [INFO] app.main: Aplicação encerrando
2026-08-27 00:09:59,673 [INFO] slowapi: Storage has been reset and all limits cleared
2026-08-27 00:09:59,675 [INFO] slowapi: Storage has been reset and all limits cleared
2026-08-27 00:09:59,678 [INFO] app.main: Aplicação iniciando
2026-08-27 00:09:59,907 [INFO] httpx: HTTP Request: POST http://testserver/auth/login "HTTP/1.1 200 OK"
2026-08-27 00:09:59,907 [INFO] app.main: Aplicação encerrando
2026-08-27 00:09:59,909 [INFO] slowapi: Storage has been reset and all limits cleared
2026-08-27 00:09:59,911 [INFO] slowapi: Storage has been reset and all limits cleared
2026-08-27 00:09:59,915 [INFO] app.main: Aplicação iniciando
2026-08-27 00:10:00,142 [INFO] httpx: HTTP Request: POST http://testserver/auth/login "HTTP/1.1 401 Unauthorized"
2026-08-27 00:10:00,143 [INFO] app.main: Aplicação encerrando
2026-08-27 00:10:00,145 [INFO] slowapi: Storage has been reset and all limits cleared
2026-08-27 00:10:00,146 [INFO] slowapi: Storage has been reset and all limits cleared
2026-08-27 00:10:00,150 [INFO] app.main: Aplicação iniciando
2026-08-27 00:10:00,376 [INFO] httpx: HTTP Request: POST http://testserver/auth/login "HTTP/1.1 401 Unauthorized"
2026-08-27 00:10:00,377 [INFO] app.main: Aplicação encerrando
2026-08-27 00:10:00,379 [INFO] slowapi: Storage has been reset and all limits cleared
2026-08-27 00:10:00,381 [INFO] slowapi: Storage has been reset and all limits cleared
2026-08-27 00:10:00,384 [INFO] app.main: Aplicação iniciando
2026-08-27 00:10:00,612 [INFO] httpx: HTTP Request: POST http://testserver/auth/login "HTTP/1.1 401 Unauthorized"
2026-08-27 00:10:00,837 [INFO] httpx: HTTP Request: POST http://testserver/auth/login "HTTP/1.1 401 Unauthorized"
2026-08-27 00:10:00,838 [INFO] app.main: Aplicação encerrando
2026-08-27 00:10:00,840 [INFO] slowapi: Storage has been reset and all limits cleared
2026-08-27 00:10:00,841 [INFO] slowapi: Storage has been reset and all limits cleared
2026-08-27 00:10:00,845 [INFO] app.main: Aplicação iniciando
2026-08-27 00:10:00,847 [INFO] httpx: HTTP Request: GET http://testserver/contas "HTTP/1.1 401 Unauthorized"
2026-08-27 00:10:00,848 [INFO] app.main: Aplicação encerrando
2026-08-27 00:10:00,850 [INFO] slowapi: Storage has been reset and all limits cleared
2026-08-27 00:10:00,851 [INFO] slowapi: Storage has been reset and all limits cleared
2026-08-27 00:10:00,855 [INFO] app.main: Aplicação iniciando
2026-08-27 00:10:00,857 [INFO] httpx: HTTP Request: GET http://testserver/contas "HTTP/1.1 401 Unauthorized"
2026-08-27 00:10:00,858 [INFO] app.main: Aplicação encerrando
2026-08-27 00:10:00,860 [INFO] slowapi: Storage has been reset and all limits cleared
2026-08-27 00:10:00,861 [INFO] slowapi: Storage has been reset and all limits cleared
2026-08-27 00:10:00,865 [INFO] app.main: Aplicação iniciando
2026-08-27 00:10:00,867 [INFO] httpx: HTTP Request: GET http://testserver/contas "HTTP/1.1 401 Unauthorized"
2026-08-27 00:10:00,868 [INFO] app.main: Aplicação encerrando
2026-08-27 00:10:00,870 [INFO] slowapi: Storage has been reset and all limits cleared
2026-08-27 00:10:00,871 [INFO] slowapi: Storage has been reset and all limits cleared
2026-08-27 00:10:00,875 [INFO] app.main: Aplicação iniciando
2026-08-27 00:10:01,102 [INFO] httpx: HTTP Request: POST http://testserver/auth/login "HTTP/1.1 200 OK"
2026-08-27 00:10:01,107 [INFO] httpx: HTTP Request: GET http://testserver/contas "HTTP/1.1 200 OK"
2026-08-27 00:10:01,108 [INFO] app.main: Aplicação encerrando
2026-08-27 00:10:01,110 [INFO] slowapi: Storage has been reset and all limits cleared
2026-08-27 00:10:01,111 [INFO] slowapi: Storage has been reset and all limits cleared
2026-08-27 00:10:01,115 [INFO] app.main: Aplicação iniciando
2026-08-27 00:10:01,356 [INFO] httpx: HTTP Request: POST http://testserver/auth/login "HTTP/1.1 401 Unauthorized"
2026-08-27 00:10:01,585 [INFO] httpx: HTTP Request: POST http://testserver/auth/login "HTTP/1.1 401 Unauthorized"
2026-08-27 00:10:01,812 [INFO] httpx: HTTP Request: POST http://testserver/auth/login "HTTP/1.1 401 Unauthorized"
2026-08-27 00:10:02,038 [INFO] httpx: HTTP Request: POST http://testserver/auth/login "HTTP/1.1 401 Unauthorized"
2026-08-27 00:10:02,264 [INFO] httpx: HTTP Request: POST http://testserver/auth/login "HTTP/1.1 401 Unauthorized"
2026-08-27 00:10:02,266 [WARNING] slowapi: ratelimit 5 per 1 minute (testclient) exceeded at endpoint: /auth/login
2026-08-27 00:10:02,267 [INFO] httpx: HTTP Request: POST http://testserver/auth/login "HTTP/1.1 429 Too Many Requests"
2026-08-27 00:10:02,267 [INFO] app.main: Aplicação encerrando
2026-08-27 00:10:02,269 [INFO] slowapi: Storage has been reset and all limits cleared
2026-08-27 00:10:02,271 [INFO] slowapi: Storage has been reset and all limits cleared
2026-08-27 00:10:02,275 [INFO] app.main: Aplicação iniciando
2026-08-27 00:10:02,502 [INFO] httpx: HTTP Request: POST http://testserver/auth/login "HTTP/1.1 200 OK"
2026-08-27 00:10:02,509 [INFO] httpx: HTTP Request: POST http://testserver/categorias "HTTP/1.1 201 Created"
2026-08-27 00:10:02,509 [INFO] app.main: Aplicação encerrando
2026-08-27 00:10:02,511 [INFO] slowapi: Storage has been reset and all limits cleared
2026-08-27 00:10:02,513 [INFO] slowapi: Storage has been reset and all limits cleared
2026-08-27 00:10:02,516 [INFO] app.main: Aplicação iniciando
2026-08-27 00:10:02,743 [INFO] httpx: HTTP Request: POST http://testserver/auth/login "HTTP/1.1 200 OK"
2026-08-27 00:10:02,746 [INFO] httpx: HTTP Request: POST http://testserver/categorias "HTTP/1.1 422 Unprocessable Entity"
2026-08-27 00:10:02,747 [INFO] app.main: Aplicação encerrando
2026-08-27 00:10:02,749 [INFO] slowapi: Storage has been reset and all limits cleared
2026-08-27 00:10:02,750 [INFO] slowapi: Storage has been reset and all limits cleared
2026-08-27 00:10:02,754 [INFO] app.main: Aplicação iniciando
2026-08-27 00:10:02,980 [INFO] httpx: HTTP Request: POST http://testserver/auth/login "HTTP/1.1 200 OK"
2026-08-27 00:10:02,983 [INFO] httpx: HTTP Request: POST http://testserver/categorias "HTTP/1.1 422 Unprocessable Entity"
2026-08-27 00:10:02,984 [INFO] app.main: Aplicação encerrando
2026-08-27 00:10:02,986 [INFO] slowapi: Storage has been reset and all limits cleared
2026-08-27 00:10:02,988 [INFO] slowapi: Storage has been reset and all limits cleared
2026-08-27 00:10:02,992 [INFO] app.main: Aplicação iniciando
2026-08-27 00:10:03,218 [INFO] httpx: HTTP Request: POST http://testserver/auth/login "HTTP/1.1 200 OK"
2026-08-27 00:10:03,226 [INFO] httpx: HTTP Request: POST http://testserver/categorias "HTTP/1.1 201 Created"
2026-08-27 00:10:03,231 [INFO] httpx: HTTP Request: POST http://testserver/categorias "HTTP/1.1 201 Created"
2026-08-27 00:10:03,235 [INFO] httpx: HTTP Request: GET http://testserver/categorias "HTTP/1.1 200 OK"
2026-08-27 00:10:03,235 [INFO] app.main: Aplicação encerrando
2026-08-27 00:10:03,238 [INFO] slowapi: Storage has been reset and all limits cleared
2026-08-27 00:10:03,240 [INFO] slowapi: Storage has been reset and all limits cleared
2026-08-27 00:10:03,243 [INFO] app.main: Aplicação iniciando
2026-08-27 00:10:03,478 [INFO] httpx: HTTP Request: POST http://testserver/auth/login "HTTP/1.1 200 OK"
2026-08-27 00:10:03,484 [INFO] httpx: HTTP Request: POST http://testserver/categorias "HTTP/1.1 201 Created"
2026-08-27 00:10:03,487 [INFO] httpx: HTTP Request: GET http://testserver/categorias/1 "HTTP/1.1 200 OK"
2026-08-27 00:10:03,488 [INFO] app.main: Aplicação encerrando
2026-08-27 00:10:03,490 [INFO] slowapi: Storage has been reset and all limits cleared
2026-08-27 00:10:03,491 [INFO] slowapi: Storage has been reset and all limits cleared
2026-08-27 00:10:03,495 [INFO] app.main: Aplicação iniciando
2026-08-27 00:10:03,722 [INFO] httpx: HTTP Request: POST http://testserver/auth/login "HTTP/1.1 200 OK"
2026-08-27 00:10:03,726 [INFO] httpx: HTTP Request: GET http://testserver/categorias/99999 "HTTP/1.1 404 Not Found"
2026-08-27 00:10:03,727 [INFO] app.main: Aplicação encerrando
2026-08-27 00:10:03,729 [INFO] slowapi: Storage has been reset and all limits cleared
2026-08-27 00:10:03,731 [INFO] slowapi: Storage has been reset and all limits cleared
2026-08-27 00:10:03,735 [INFO] app.main: Aplicação iniciando
2026-08-27 00:10:03,961 [INFO] httpx: HTTP Request: POST http://testserver/auth/login "HTTP/1.1 200 OK"
2026-08-27 00:10:03,968 [INFO] httpx: HTTP Request: POST http://testserver/categorias "HTTP/1.1 201 Created"
2026-08-27 00:10:03,975 [INFO] httpx: HTTP Request: PUT http://testserver/categorias/1 "HTTP/1.1 200 OK"
2026-08-27 00:10:03,975 [INFO] app.main: Aplicação encerrando
2026-08-27 00:10:03,978 [INFO] slowapi: Storage has been reset and all limits cleared
2026-08-27 00:10:03,979 [INFO] slowapi: Storage has been reset and all limits cleared
2026-08-27 00:10:03,983 [INFO] app.main: Aplicação iniciando
2026-08-27 00:10:04,212 [INFO] httpx: HTTP Request: POST http://testserver/auth/login "HTTP/1.1 200 OK"
2026-08-27 00:10:04,218 [INFO] httpx: HTTP Request: POST http://testserver/categorias "HTTP/1.1 201 Created"
2026-08-27 00:10:04,223 [INFO] httpx: HTTP Request: DELETE http://testserver/categorias/1 "HTTP/1.1 204 No Content"
2026-08-27 00:10:04,226 [INFO] httpx: HTTP Request: GET http://testserver/categorias/1?include_inactive=true "HTTP/1.1 200 OK"
2026-08-27 00:10:04,229 [INFO] httpx: HTTP Request: GET http://testserver/categorias "HTTP/1.1 200 OK"
2026-08-27 00:10:04,232 [INFO] httpx: HTTP Request: GET http://testserver/categorias?include_inactive=true "HTTP/1.1 200 OK"
2026-08-27 00:10:04,233 [INFO] app.main: Aplicação encerrando
2026-08-27 00:10:04,235 [INFO] slowapi: Storage has been reset and all limits cleared
2026-08-27 00:10:04,236 [INFO] slowapi: Storage has been reset and all limits cleared
2026-08-27 00:10:04,240 [INFO] app.main: Aplicação iniciando
2026-08-27 00:10:04,467 [INFO] httpx: HTTP Request: POST http://testserver/auth/login "HTTP/1.1 200 OK"
2026-08-27 00:10:04,474 [INFO] httpx: HTTP Request: POST http://testserver/contas "HTTP/1.1 201 Created"
2026-08-27 00:10:04,480 [INFO] httpx: HTTP Request: POST http://testserver/categorias "HTTP/1.1 201 Created"
2026-08-27 00:10:04,494 [INFO] httpx: HTTP Request: POST http://testserver/transacoes "HTTP/1.1 201 Created"
2026-08-27 00:10:04,500 [INFO] httpx: HTTP Request: DELETE http://testserver/categorias/1 "HTTP/1.1 204 No Content"
2026-08-27 00:10:04,505 [INFO] httpx: HTTP Request: GET http://testserver/transacoes/1 "HTTP/1.1 200 OK"
2026-08-27 00:10:04,506 [INFO] app.main: Aplicação encerrando
2026-08-27 00:10:04,509 [INFO] slowapi: Storage has been reset and all limits cleared
2026-08-27 00:10:04,510 [INFO] slowapi: Storage has been reset and all limits cleared
2026-08-27 00:10:04,515 [INFO] app.main: Aplicação iniciando
2026-08-27 00:10:04,775 [INFO] httpx: HTTP Request: POST http://testserver/auth/login "HTTP/1.1 200 OK"
2026-08-27 00:10:04,784 [INFO] httpx: HTTP Request: GET http://testserver/configuracao/total_categoria_separado "HTTP/1.1 200 OK"
2026-08-27 00:10:04,784 [INFO] app.main: Aplicação encerrando
2026-08-27 00:10:04,786 [INFO] slowapi: Storage has been reset and all limits cleared
2026-08-27 00:10:04,788 [INFO] slowapi: Storage has been reset and all limits cleared
2026-08-27 00:10:04,792 [INFO] app.main: Aplicação iniciando
2026-08-27 00:10:05,030 [INFO] httpx: HTTP Request: POST http://testserver/auth/login "HTTP/1.1 200 OK"
2026-08-27 00:10:05,034 [INFO] httpx: HTTP Request: GET http://testserver/configuracao/chave_que_nao_existe "HTTP/1.1 404 Not Found"
2026-08-27 00:10:05,035 [INFO] app.main: Aplicação encerrando
2026-08-27 00:10:05,037 [INFO] slowapi: Storage has been reset and all limits cleared
2026-08-27 00:10:05,038 [INFO] slowapi: Storage has been reset and all limits cleared
2026-08-27 00:10:05,042 [INFO] app.main: Aplicação iniciando
2026-08-27 00:10:05,269 [INFO] httpx: HTTP Request: POST http://testserver/auth/login "HTTP/1.1 200 OK"
2026-08-27 00:10:05,276 [INFO] httpx: HTTP Request: PUT http://testserver/configuracao/total_categoria_separado "HTTP/1.1 200 OK"
2026-08-27 00:10:05,280 [INFO] httpx: HTTP Request: GET http://testserver/configuracao/total_categoria_separado "HTTP/1.1 200 OK"
2026-08-27 00:10:05,281 [INFO] app.main: Aplicação encerrando
2026-08-27 00:10:05,283 [INFO] slowapi: Storage has been reset and all limits cleared
2026-08-27 00:10:05,284 [INFO] slowapi: Storage has been reset and all limits cleared
2026-08-27 00:10:05,288 [INFO] app.main: Aplicação iniciando
2026-08-27 00:10:05,515 [INFO] httpx: HTTP Request: POST http://testserver/auth/login "HTTP/1.1 200 OK"
2026-08-27 00:10:05,523 [INFO] httpx: HTTP Request: PUT http://testserver/configuracao/total_categoria_separado "HTTP/1.1 200 OK"
2026-08-27 00:10:05,528 [INFO] httpx: HTTP Request: PUT http://testserver/configuracao/total_categoria_separado "HTTP/1.1 200 OK"
2026-08-27 00:10:05,529 [INFO] app.main: Aplicação encerrando
2026-08-27 00:10:05,531 [INFO] slowapi: Storage has been reset and all limits cleared
2026-08-27 00:10:05,533 [INFO] slowapi: Storage has been reset and all limits cleared
2026-08-27 00:10:05,537 [INFO] app.main: Aplicação iniciando
2026-08-27 00:10:05,763 [INFO] httpx: HTTP Request: POST http://testserver/auth/login "HTTP/1.1 200 OK"
2026-08-27 00:10:05,769 [INFO] httpx: HTTP Request: PUT http://testserver/configuracao/total_categoria_separado "HTTP/1.1 200 OK"
2026-08-27 00:10:05,772 [INFO] httpx: HTTP Request: GET http://testserver/configuracao "HTTP/1.1 200 OK"
2026-08-27 00:10:05,773 [INFO] app.main: Aplicação encerrando
2026-08-27 00:10:05,775 [INFO] slowapi: Storage has been reset and all limits cleared
2026-08-27 00:10:05,776 [INFO] slowapi: Storage has been reset and all limits cleared
2026-08-27 00:10:05,780 [INFO] app.main: Aplicação iniciando
2026-08-27 00:10:06,010 [INFO] httpx: HTTP Request: POST http://testserver/auth/login "HTTP/1.1 200 OK"
2026-08-27 00:10:06,015 [INFO] httpx: HTTP Request: GET http://testserver/configuracao/orcamento_limite_alerta_percentual "HTTP/1.1 200 OK"
2026-08-27 00:10:06,016 [INFO] app.main: Aplicação encerrando
2026-08-27 00:10:06,018 [INFO] slowapi: Storage has been reset and all limits cleared
2026-08-27 00:10:06,019 [INFO] slowapi: Storage has been reset and all limits cleared
2026-08-27 00:10:06,023 [INFO] app.main: Aplicação iniciando
2026-08-27 00:10:06,253 [INFO] httpx: HTTP Request: POST http://testserver/auth/login "HTTP/1.1 200 OK"
2026-08-27 00:10:06,260 [INFO] httpx: HTTP Request: PUT http://testserver/configuracao/orcamento_limite_alerta_percentual "HTTP/1.1 200 OK"
2026-08-27 00:10:06,263 [INFO] httpx: HTTP Request: GET http://testserver/configuracao/orcamento_limite_alerta_percentual "HTTP/1.1 200 OK"
2026-08-27 00:10:06,264 [INFO] app.main: Aplicação encerrando
2026-08-27 00:10:06,266 [INFO] slowapi: Storage has been reset and all limits cleared
2026-08-27 00:10:06,268 [INFO] slowapi: Storage has been reset and all limits cleared
2026-08-27 00:10:06,273 [INFO] app.main: Aplicação iniciando
2026-08-27 00:10:06,500 [INFO] httpx: HTTP Request: POST http://testserver/auth/login "HTTP/1.1 200 OK"
2026-08-27 00:10:06,504 [INFO] httpx: HTTP Request: PUT http://testserver/configuracao/orcamento_limite_alerta_percentual "HTTP/1.1 422 Unprocessable Entity"
2026-08-27 00:10:06,505 [INFO] app.main: Aplicação encerrando
2026-08-27 00:10:06,507 [INFO] slowapi: Storage has been reset and all limits cleared
2026-08-27 00:10:06,508 [INFO] slowapi: Storage has been reset and all limits cleared
2026-08-27 00:10:06,512 [INFO] app.main: Aplicação iniciando
2026-08-27 00:10:06,738 [INFO] httpx: HTTP Request: POST http://testserver/auth/login "HTTP/1.1 200 OK"
2026-08-27 00:10:06,742 [INFO] httpx: HTTP Request: PUT http://testserver/configuracao/orcamento_limite_alerta_percentual "HTTP/1.1 422 Unprocessable Entity"
2026-08-27 00:10:06,745 [INFO] httpx: HTTP Request: PUT http://testserver/configuracao/orcamento_limite_alerta_percentual "HTTP/1.1 422 Unprocessable Entity"
2026-08-27 00:10:06,746 [INFO] app.main: Aplicação encerrando
2026-08-27 00:10:06,748 [INFO] slowapi: Storage has been reset and all limits cleared
2026-08-27 00:10:06,749 [INFO] slowapi: Storage has been reset and all limits cleared
2026-08-27 00:10:06,753 [INFO] app.main: Aplicação iniciando
2026-08-27 00:10:06,980 [INFO] httpx: HTTP Request: POST http://testserver/auth/login "HTTP/1.1 200 OK"
2026-08-27 00:10:06,987 [INFO] httpx: HTTP Request: PUT http://testserver/configuracao/orcamento_limite_alerta_percentual "HTTP/1.1 200 OK"
2026-08-27 00:10:06,992 [INFO] httpx: HTTP Request: PUT http://testserver/configuracao/orcamento_limite_alerta_percentual "HTTP/1.1 200 OK"
2026-08-27 00:10:06,993 [INFO] app.main: Aplicação encerrando
2026-08-27 00:10:06,995 [INFO] slowapi: Storage has been reset and all limits cleared
2026-08-27 00:10:06,996 [INFO] slowapi: Storage has been reset and all limits cleared
2026-08-27 00:10:07,000 [INFO] app.main: Aplicação iniciando
2026-08-27 00:10:07,227 [INFO] httpx: HTTP Request: POST http://testserver/auth/login "HTTP/1.1 200 OK"
2026-08-27 00:10:07,230 [INFO] httpx: HTTP Request: PUT http://testserver/configuracao/total_categoria_separado "HTTP/1.1 422 Unprocessable Entity"
2026-08-27 00:10:07,231 [INFO] app.main: Aplicação encerrando
2026-08-27 00:10:07,233 [INFO] slowapi: Storage has been reset and all limits cleared
2026-08-27 00:10:07,234 [INFO] slowapi: Storage has been reset and all limits cleared
2026-08-27 00:10:07,238 [INFO] app.main: Aplicação iniciando
2026-08-27 00:10:07,464 [INFO] httpx: HTTP Request: POST http://testserver/auth/login "HTTP/1.1 200 OK"
2026-08-27 00:10:07,471 [INFO] httpx: HTTP Request: PUT http://testserver/configuracao/total_categoria_separado "HTTP/1.1 200 OK"
2026-08-27 00:10:07,475 [INFO] httpx: HTTP Request: GET http://testserver/auditoria?entidade=configuracao&acao=update "HTTP/1.1 200 OK"
2026-08-27 00:10:07,476 [INFO] app.main: Aplicação encerrando
2026-08-27 00:10:07,478 [INFO] slowapi: Storage has been reset and all limits cleared
2026-08-27 00:10:07,479 [INFO] slowapi: Storage has been reset and all limits cleared
2026-08-27 00:10:07,483 [INFO] app.main: Aplicação iniciando
2026-08-27 00:10:07,709 [INFO] httpx: HTTP Request: POST http://testserver/auth/login "HTTP/1.1 200 OK"
2026-08-27 00:10:07,715 [INFO] httpx: HTTP Request: POST http://testserver/contas "HTTP/1.1 201 Created"
2026-08-27 00:10:07,716 [INFO] app.main: Aplicação encerrando
2026-08-27 00:10:07,718 [INFO] slowapi: Storage has been reset and all limits cleared
2026-08-27 00:10:07,719 [INFO] slowapi: Storage has been reset and all limits cleared
2026-08-27 00:10:07,723 [INFO] app.main: Aplicação iniciando
2026-08-27 00:10:07,950 [INFO] httpx: HTTP Request: POST http://testserver/auth/login "HTTP/1.1 200 OK"
2026-08-27 00:10:07,953 [INFO] httpx: HTTP Request: POST http://testserver/contas "HTTP/1.1 422 Unprocessable Entity"
2026-08-27 00:10:07,954 [INFO] app.main: Aplicação encerrando
2026-08-27 00:10:07,956 [INFO] slowapi: Storage has been reset and all limits cleared
2026-08-27 00:10:07,957 [INFO] slowapi: Storage has been reset and all limits cleared
2026-08-27 00:10:07,961 [INFO] app.main: Aplicação iniciando
2026-08-27 00:10:08,187 [INFO] httpx: HTTP Request: POST http://testserver/auth/login "HTTP/1.1 200 OK"
2026-08-27 00:10:08,194 [INFO] httpx: HTTP Request: POST http://testserver/contas "HTTP/1.1 201 Created"
2026-08-27 00:10:08,198 [INFO] httpx: HTTP Request: POST http://testserver/contas "HTTP/1.1 201 Created"
2026-08-27 00:10:08,202 [INFO] httpx: HTTP Request: GET http://testserver/contas "HTTP/1.1 200 OK"
2026-08-27 00:10:08,202 [INFO] app.main: Aplicação encerrando
2026-08-27 00:10:08,204 [INFO] slowapi: Storage has been reset and all limits cleared
2026-08-27 00:10:08,206 [INFO] slowapi: Storage has been reset and all limits cleared
2026-08-27 00:10:08,210 [INFO] app.main: Aplicação iniciando
2026-08-27 00:10:08,436 [INFO] httpx: HTTP Request: POST http://testserver/auth/login "HTTP/1.1 200 OK"
2026-08-27 00:10:08,443 [INFO] httpx: HTTP Request: POST http://testserver/contas "HTTP/1.1 201 Created"
2026-08-27 00:10:08,447 [INFO] httpx: HTTP Request: GET http://testserver/contas/1 "HTTP/1.1 200 OK"
2026-08-27 00:10:08,448 [INFO] app.main: Aplicação encerrando
2026-08-27 00:10:08,450 [INFO] slowapi: Storage has been reset and all limits cleared
2026-08-27 00:10:08,451 [INFO] slowapi: Storage has been reset and all limits cleared
2026-08-27 00:10:08,455 [INFO] app.main: Aplicação iniciando
2026-08-27 00:10:08,681 [INFO] httpx: HTTP Request: POST http://testserver/auth/login "HTTP/1.1 200 OK"
2026-08-27 00:10:08,685 [INFO] httpx: HTTP Request: GET http://testserver/contas/99999 "HTTP/1.1 404 Not Found"
2026-08-27 00:10:08,686 [INFO] app.main: Aplicação encerrando
2026-08-27 00:10:08,688 [INFO] slowapi: Storage has been reset and all limits cleared
2026-08-27 00:10:08,689 [INFO] slowapi: Storage has been reset and all limits cleared
2026-08-27 00:10:08,693 [INFO] app.main: Aplicação iniciando
2026-08-27 00:10:08,919 [INFO] httpx: HTTP Request: POST http://testserver/auth/login "HTTP/1.1 200 OK"
2026-08-27 00:10:08,926 [INFO] httpx: HTTP Request: POST http://testserver/contas "HTTP/1.1 201 Created"
2026-08-27 00:10:08,932 [INFO] httpx: HTTP Request: PUT http://testserver/contas/1 "HTTP/1.1 200 OK"
2026-08-27 00:10:08,932 [INFO] app.main: Aplicação encerrando
2026-08-27 00:10:08,934 [INFO] slowapi: Storage has been reset and all limits cleared
2026-08-27 00:10:08,936 [INFO] slowapi: Storage has been reset and all limits cleared
2026-08-27 00:10:08,939 [INFO] app.main: Aplicação iniciando
2026-08-27 00:10:09,166 [INFO] httpx: HTTP Request: POST http://testserver/auth/login "HTTP/1.1 200 OK"
2026-08-27 00:10:09,173 [INFO] httpx: HTTP Request: POST http://testserver/contas "HTTP/1.1 201 Created"
2026-08-27 00:10:09,178 [INFO] httpx: HTTP Request: DELETE http://testserver/contas/1 "HTTP/1.1 204 No Content"
2026-08-27 00:10:09,181 [INFO] httpx: HTTP Request: GET http://testserver/contas/1?include_inactive=true "HTTP/1.1 200 OK"
2026-08-27 00:10:09,185 [INFO] httpx: HTTP Request: GET http://testserver/contas "HTTP/1.1 200 OK"
2026-08-27 00:10:09,189 [INFO] httpx: HTTP Request: GET http://testserver/contas?include_inactive=true "HTTP/1.1 200 OK"
2026-08-27 00:10:09,189 [INFO] app.main: Aplicação encerrando
2026-08-27 00:10:09,191 [INFO] slowapi: Storage has been reset and all limits cleared
2026-08-27 00:10:09,193 [INFO] slowapi: Storage has been reset and all limits cleared
2026-08-27 00:10:09,197 [INFO] app.main: Aplicação iniciando
2026-08-27 00:10:09,430 [INFO] httpx: HTTP Request: POST http://testserver/auth/login "HTTP/1.1 200 OK"
2026-08-27 00:10:09,437 [INFO] httpx: HTTP Request: POST http://testserver/contas "HTTP/1.1 201 Created"
2026-08-27 00:10:09,445 [INFO] httpx: HTTP Request: POST http://testserver/transacoes "HTTP/1.1 201 Created"
2026-08-27 00:10:09,449 [INFO] httpx: HTTP Request: DELETE http://testserver/contas/1 "HTTP/1.1 204 No Content"
2026-08-27 00:10:09,453 [INFO] httpx: HTTP Request: GET http://testserver/transacoes/1 "HTTP/1.1 200 OK"
2026-08-27 00:10:09,454 [INFO] app.main: Aplicação encerrando
2026-08-27 00:10:09,456 [INFO] slowapi: Storage has been reset and all limits cleared
2026-08-27 00:10:09,457 [INFO] slowapi: Storage has been reset and all limits cleared
2026-08-27 00:10:09,461 [INFO] app.main: Aplicação iniciando
2026-08-27 00:10:09,688 [INFO] httpx: HTTP Request: POST http://testserver/auth/login "HTTP/1.1 200 OK"
2026-08-27 00:10:09,689 [INFO] app.main: Aplicação iniciando
2026-08-27 00:10:09,691 [ERROR] app.main: Erro não tratado ao processar GET /contas
Traceback (most recent call last):
  File "/home/iago/SSD2/projetos/financas/.venv/lib/python3.14/site-packages/starlette/middleware/errors.py", line 164, in __call__
    await self.app(scope, receive, _send)
  File "/home/iago/SSD2/projetos/financas/.venv/lib/python3.14/site-packages/starlette/middleware/base.py", line 193, in __call__
    response = await self.dispatch_func(request, call_next)
               ^^^^^^^^^^^^^^^^^^^^^^^^^^^^^^^^^^^^^^^^^^^^
  File "/home/iago/SSD2/projetos/financas/backend/app/security_headers.py", line 15, in add_security_headers
    response = await call_next(request)
               ^^^^^^^^^^^^^^^^^^^^^^^^
  File "/home/iago/SSD2/projetos/financas/.venv/lib/python3.14/site-packages/starlette/middleware/base.py", line 168, in call_next
    raise app_exc from app_exc.__cause__ or app_exc.__context__
  File "/home/iago/SSD2/projetos/financas/.venv/lib/python3.14/site-packages/starlette/middleware/base.py", line 144, in coro
    await self.app(scope, receive_or_disconnect, send_no_error)
  File "/home/iago/SSD2/projetos/financas/.venv/lib/python3.14/site-packages/starlette/middleware/cors.py", line 88, in __call__
    await self.app(scope, receive, send)
  File "/home/iago/SSD2/projetos/financas/.venv/lib/python3.14/site-packages/starlette/middleware/exceptions.py", line 63, in __call__
    await wrap_app_handling_exceptions(self.app, conn)(scope, receive, send)
  File "/home/iago/SSD2/projetos/financas/.venv/lib/python3.14/site-packages/starlette/_exception_handler.py", line 53, in wrapped_app
    raise exc
  File "/home/iago/SSD2/projetos/financas/.venv/lib/python3.14/site-packages/starlette/_exception_handler.py", line 42, in wrapped_app
    await app(scope, receive, sender)
  File "/home/iago/SSD2/projetos/financas/.venv/lib/python3.14/site-packages/fastapi/middleware/asyncexitstack.py", line 18, in __call__
    await self.app(scope, receive, send)
  File "/home/iago/SSD2/projetos/financas/.venv/lib/python3.14/site-packages/starlette/routing.py", line 670, in __call__
    await self.middleware_stack(scope, receive, send)
  File "/home/iago/SSD2/projetos/financas/.venv/lib/python3.14/site-packages/fastapi/routing.py", line 2734, in app
    await route.handle(scope, receive, send)
  File "/home/iago/SSD2/projetos/financas/.venv/lib/python3.14/site-packages/fastapi/routing.py", line 1780, in handle
    await self.original_router.handle(scope, receive, send)
  File "/home/iago/SSD2/projetos/financas/.venv/lib/python3.14/site-packages/fastapi/routing.py", line 2789, in handle
    await included_router._handle_selected(scope, receive, send)
  File "/home/iago/SSD2/projetos/financas/.venv/lib/python3.14/site-packages/fastapi/routing.py", line 1800, in _handle_selected
    await original_route.handle(scope, receive, send)
  File "/home/iago/SSD2/projetos/financas/.venv/lib/python3.14/site-packages/fastapi/routing.py", line 1279, in handle
    await app(scope, receive, send)
  File "/home/iago/SSD2/projetos/financas/.venv/lib/python3.14/site-packages/fastapi/routing.py", line 158, in app
    await wrap_app_handling_exceptions(app, request)(scope, receive, send)
  File "/home/iago/SSD2/projetos/financas/.venv/lib/python3.14/site-packages/starlette/_exception_handler.py", line 53, in wrapped_app
    raise exc
  File "/home/iago/SSD2/projetos/financas/.venv/lib/python3.14/site-packages/starlette/_exception_handler.py", line 42, in wrapped_app
    await app(scope, receive, sender)
  File "/home/iago/SSD2/projetos/financas/.venv/lib/python3.14/site-packages/fastapi/routing.py", line 144, in app
    response = await f(request)
               ^^^^^^^^^^^^^^^^
  File "/home/iago/SSD2/projetos/financas/.venv/lib/python3.14/site-packages/fastapi/routing.py", line 481, in app
    solved_result = await solve_dependencies(
                    ^^^^^^^^^^^^^^^^^^^^^^^^^
    ...<6 lines>...
    )
    ^
  File "/home/iago/SSD2/projetos/financas/.venv/lib/python3.14/site-packages/fastapi/dependencies/utils.py", line 676, in solve_dependencies
    solved = await run_in_threadpool(call, **solved_result.values)
             ^^^^^^^^^^^^^^^^^^^^^^^^^^^^^^^^^^^^^^^^^^^^^^^^^^^^^
  File "/home/iago/SSD2/projetos/financas/.venv/lib/python3.14/site-packages/starlette/concurrency.py", line 34, in run_in_threadpool
    return await anyio.to_thread.run_sync(func)
           ^^^^^^^^^^^^^^^^^^^^^^^^^^^^^^^^^^^^
  File "/home/iago/SSD2/projetos/financas/.venv/lib/python3.14/site-packages/anyio/to_thread.py", line 65, in run_sync
    return await get_async_backend().run_sync_in_worker_thread(
           ^^^^^^^^^^^^^^^^^^^^^^^^^^^^^^^^^^^^^^^^^^^^^^^^^^^^
        func, args, abandon_on_cancel=abandon_on_cancel, limiter=limiter
        ^^^^^^^^^^^^^^^^^^^^^^^^^^^^^^^^^^^^^^^^^^^^^^^^^^^^^^^^^^^^^^^^
    )
    ^
  File "/home/iago/SSD2/projetos/financas/.venv/lib/python3.14/site-packages/anyio/_backends/_asyncio.py", line 2641, in run_sync_in_worker_thread
    return await future
           ^^^^^^^^^^^^
  File "/home/iago/SSD2/projetos/financas/.venv/lib/python3.14/site-packages/anyio/_backends/_asyncio.py", line 1033, in run
    result = context.run(func, *args)
  File "/home/iago/SSD2/projetos/financas/backend/tests/test_logging.py", line 23, in get_db_quebrado
    raise RuntimeError("falha proposital para teste de logging")
RuntimeError: falha proposital para teste de logging
2026-08-27 00:10:09,696 [INFO] httpx: HTTP Request: GET http://testserver/contas "HTTP/1.1 500 Internal Server Error"
2026-08-27 00:10:09,696 [INFO] app.main: Aplicação encerrando
2026-08-27 00:10:09,698 [INFO] app.main: Aplicação encerrando
2026-08-27 00:10:09,699 [INFO] slowapi: Storage has been reset and all limits cleared
2026-08-27 00:10:09,701 [INFO] slowapi: Storage has been reset and all limits cleared
2026-08-27 00:10:09,705 [INFO] app.main: Aplicação iniciando
2026-08-27 00:10:09,932 [INFO] httpx: HTTP Request: POST http://testserver/auth/login "HTTP/1.1 200 OK"
2026-08-27 00:10:09,938 [ERROR] app.audit: Falha ao registrar log de auditoria (usuario=testuser, acao=create, entidade=conta)
Traceback (most recent call last):
  File "/home/iago/SSD2/projetos/financas/backend/app/audit.py", line 60, in registrar_auditoria
    db = AuditSessionLocal()
  File "/home/iago/SSD2/projetos/financas/backend/tests/test_logging.py", line 51, in _quebra
    raise RuntimeError("falha simulada de auditoria")
RuntimeError: falha simulada de auditoria
2026-08-27 00:10:09,939 [INFO] httpx: HTTP Request: POST http://testserver/contas "HTTP/1.1 201 Created"
2026-08-27 00:10:09,940 [INFO] app.main: Aplicação encerrando
2026-08-27 00:10:09,942 [INFO] slowapi: Storage has been reset and all limits cleared
2026-08-27 00:10:09,943 [INFO] slowapi: Storage has been reset and all limits cleared
2026-08-27 00:10:09,947 [INFO] app.main: Aplicação iniciando
2026-08-27 00:10:10,173 [INFO] httpx: HTTP Request: POST http://testserver/auth/login "HTTP/1.1 200 OK"
2026-08-27 00:10:10,179 [INFO] httpx: HTTP Request: POST http://testserver/metas "HTTP/1.1 201 Created"
2026-08-27 00:10:10,180 [INFO] app.main: Aplicação encerrando
2026-08-27 00:10:10,182 [INFO] slowapi: Storage has been reset and all limits cleared
2026-08-27 00:10:10,183 [INFO] slowapi: Storage has been reset and all limits cleared
2026-08-27 00:10:10,187 [INFO] app.main: Aplicação iniciando
2026-08-27 00:10:10,413 [INFO] httpx: HTTP Request: POST http://testserver/auth/login "HTTP/1.1 200 OK"
2026-08-27 00:10:10,416 [INFO] httpx: HTTP Request: POST http://testserver/metas "HTTP/1.1 422 Unprocessable Entity"
2026-08-27 00:10:10,417 [INFO] app.main: Aplicação encerrando
2026-08-27 00:10:10,419 [INFO] slowapi: Storage has been reset and all limits cleared
2026-08-27 00:10:10,420 [INFO] slowapi: Storage has been reset and all limits cleared
2026-08-27 00:10:10,424 [INFO] app.main: Aplicação iniciando
2026-08-27 00:10:10,653 [INFO] httpx: HTTP Request: POST http://testserver/auth/login "HTTP/1.1 200 OK"
2026-08-27 00:10:10,656 [INFO] httpx: HTTP Request: POST http://testserver/metas "HTTP/1.1 422 Unprocessable Entity"
2026-08-27 00:10:10,657 [INFO] app.main: Aplicação encerrando
2026-08-27 00:10:10,658 [INFO] slowapi: Storage has been reset and all limits cleared
2026-08-27 00:10:10,660 [INFO] slowapi: Storage has been reset and all limits cleared
2026-08-27 00:10:10,663 [INFO] app.main: Aplicação iniciando
2026-08-27 00:10:10,889 [INFO] httpx: HTTP Request: POST http://testserver/auth/login "HTTP/1.1 200 OK"
2026-08-27 00:10:10,895 [INFO] httpx: HTTP Request: POST http://testserver/metas "HTTP/1.1 201 Created"
2026-08-27 00:10:10,900 [INFO] httpx: HTTP Request: POST http://testserver/metas "HTTP/1.1 201 Created"
2026-08-27 00:10:10,904 [INFO] httpx: HTTP Request: GET http://testserver/metas "HTTP/1.1 200 OK"
2026-08-27 00:10:10,904 [INFO] app.main: Aplicação encerrando
2026-08-27 00:10:10,906 [INFO] slowapi: Storage has been reset and all limits cleared
2026-08-27 00:10:10,908 [INFO] slowapi: Storage has been reset and all limits cleared
2026-08-27 00:10:10,911 [INFO] app.main: Aplicação iniciando
2026-08-27 00:10:11,138 [INFO] httpx: HTTP Request: POST http://testserver/auth/login "HTTP/1.1 200 OK"
2026-08-27 00:10:11,145 [INFO] httpx: HTTP Request: POST http://testserver/metas "HTTP/1.1 201 Created"
2026-08-27 00:10:11,149 [INFO] httpx: HTTP Request: GET http://testserver/metas/1 "HTTP/1.1 200 OK"
2026-08-27 00:10:11,149 [INFO] app.main: Aplicação encerrando
2026-08-27 00:10:11,151 [INFO] slowapi: Storage has been reset and all limits cleared
2026-08-27 00:10:11,153 [INFO] slowapi: Storage has been reset and all limits cleared
2026-08-27 00:10:11,156 [INFO] app.main: Aplicação iniciando
2026-08-27 00:10:11,382 [INFO] httpx: HTTP Request: POST http://testserver/auth/login "HTTP/1.1 200 OK"
2026-08-27 00:10:11,387 [INFO] httpx: HTTP Request: GET http://testserver/metas/99999 "HTTP/1.1 404 Not Found"
2026-08-27 00:10:11,387 [INFO] app.main: Aplicação encerrando
2026-08-27 00:10:11,390 [INFO] slowapi: Storage has been reset and all limits cleared
2026-08-27 00:10:11,391 [INFO] slowapi: Storage has been reset and all limits cleared
2026-08-27 00:10:11,395 [INFO] app.main: Aplicação iniciando
2026-08-27 00:10:11,621 [INFO] httpx: HTTP Request: POST http://testserver/auth/login "HTTP/1.1 200 OK"
2026-08-27 00:10:11,628 [INFO] httpx: HTTP Request: POST http://testserver/metas "HTTP/1.1 201 Created"
2026-08-27 00:10:11,635 [INFO] httpx: HTTP Request: PUT http://testserver/metas/1 "HTTP/1.1 200 OK"
2026-08-27 00:10:11,636 [INFO] app.main: Aplicação encerrando
2026-08-27 00:10:11,638 [INFO] slowapi: Storage has been reset and all limits cleared
2026-08-27 00:10:11,639 [INFO] slowapi: Storage has been reset and all limits cleared
2026-08-27 00:10:11,643 [INFO] app.main: Aplicação iniciando
2026-08-27 00:10:11,869 [INFO] httpx: HTTP Request: POST http://testserver/auth/login "HTTP/1.1 200 OK"
2026-08-27 00:10:11,875 [INFO] httpx: HTTP Request: POST http://testserver/metas "HTTP/1.1 201 Created"
2026-08-27 00:10:11,880 [INFO] httpx: HTTP Request: DELETE http://testserver/metas/1 "HTTP/1.1 204 No Content"
2026-08-27 00:10:11,883 [INFO] httpx: HTTP Request: GET http://testserver/metas/1 "HTTP/1.1 404 Not Found"
2026-08-27 00:10:11,883 [INFO] app.main: Aplicação encerrando
2026-08-27 00:10:11,885 [INFO] slowapi: Storage has been reset and all limits cleared
2026-08-27 00:10:11,887 [INFO] slowapi: Storage has been reset and all limits cleared
2026-08-27 00:10:12,896 [INFO] slowapi: Storage has been reset and all limits cleared
2026-08-27 00:10:12,897 [INFO] slowapi: Storage has been reset and all limits cleared
2026-08-27 00:10:13,909 [INFO] slowapi: Storage has been reset and all limits cleared
2026-08-27 00:10:13,910 [INFO] slowapi: Storage has been reset and all limits cleared
2026-08-27 00:10:15,435 [INFO] slowapi: Storage has been reset and all limits cleared
2026-08-27 00:10:15,437 [INFO] slowapi: Storage has been reset and all limits cleared
2026-08-27 00:10:16,922 [INFO] slowapi: Storage has been reset and all limits cleared
2026-08-27 00:10:16,924 [INFO] slowapi: Storage has been reset and all limits cleared
2026-08-27 00:10:16,928 [INFO] app.main: Aplicação iniciando
2026-08-27 00:10:17,154 [INFO] httpx: HTTP Request: POST http://testserver/auth/login "HTTP/1.1 200 OK"
2026-08-27 00:10:17,160 [INFO] httpx: HTTP Request: POST http://testserver/categorias "HTTP/1.1 201 Created"
2026-08-27 00:10:17,167 [INFO] httpx: HTTP Request: POST http://testserver/orcamentos "HTTP/1.1 201 Created"
2026-08-27 00:10:17,168 [INFO] app.main: Aplicação encerrando
2026-08-27 00:10:17,170 [INFO] slowapi: Storage has been reset and all limits cleared
2026-08-27 00:10:17,171 [INFO] slowapi: Storage has been reset and all limits cleared
2026-08-27 00:10:17,175 [INFO] app.main: Aplicação iniciando
2026-08-27 00:10:17,402 [INFO] httpx: HTTP Request: POST http://testserver/auth/login "HTTP/1.1 200 OK"
2026-08-27 00:10:17,408 [INFO] httpx: HTTP Request: POST http://testserver/categorias "HTTP/1.1 201 Created"
2026-08-27 00:10:17,411 [INFO] httpx: HTTP Request: POST http://testserver/orcamentos "HTTP/1.1 422 Unprocessable Entity"
2026-08-27 00:10:17,412 [INFO] app.main: Aplicação encerrando
2026-08-27 00:10:17,414 [INFO] slowapi: Storage has been reset and all limits cleared
2026-08-27 00:10:17,415 [INFO] slowapi: Storage has been reset and all limits cleared
2026-08-27 00:10:17,419 [INFO] app.main: Aplicação iniciando
2026-08-27 00:10:17,646 [INFO] httpx: HTTP Request: POST http://testserver/auth/login "HTTP/1.1 200 OK"
2026-08-27 00:10:17,651 [INFO] httpx: HTTP Request: POST http://testserver/orcamentos "HTTP/1.1 400 Bad Request"
2026-08-27 00:10:17,651 [INFO] app.main: Aplicação encerrando
2026-08-27 00:10:17,653 [INFO] slowapi: Storage has been reset and all limits cleared
2026-08-27 00:10:17,655 [INFO] slowapi: Storage has been reset and all limits cleared
2026-08-27 00:10:17,659 [INFO] app.main: Aplicação iniciando
2026-08-27 00:10:17,893 [INFO] httpx: HTTP Request: POST http://testserver/auth/login "HTTP/1.1 200 OK"
2026-08-27 00:10:17,899 [INFO] httpx: HTTP Request: POST http://testserver/categorias "HTTP/1.1 201 Created"
2026-08-27 00:10:17,906 [INFO] httpx: HTTP Request: POST http://testserver/orcamentos "HTTP/1.1 201 Created"
2026-08-27 00:10:17,910 [INFO] httpx: HTTP Request: GET http://testserver/orcamentos "HTTP/1.1 200 OK"
2026-08-27 00:10:17,910 [INFO] app.main: Aplicação encerrando
2026-08-27 00:10:17,912 [INFO] slowapi: Storage has been reset and all limits cleared
2026-08-27 00:10:17,914 [INFO] slowapi: Storage has been reset and all limits cleared
2026-08-27 00:10:17,917 [INFO] app.main: Aplicação iniciando
2026-08-27 00:10:18,144 [INFO] httpx: HTTP Request: POST http://testserver/auth/login "HTTP/1.1 200 OK"
2026-08-27 00:10:18,150 [INFO] httpx: HTTP Request: POST http://testserver/categorias "HTTP/1.1 201 Created"
2026-08-27 00:10:18,157 [INFO] httpx: HTTP Request: POST http://testserver/orcamentos "HTTP/1.1 201 Created"
2026-08-27 00:10:18,162 [INFO] httpx: HTTP Request: POST http://testserver/orcamentos "HTTP/1.1 201 Created"
2026-08-27 00:10:18,166 [INFO] httpx: HTTP Request: GET http://testserver/orcamentos?mes_ano=2026-03 "HTTP/1.1 200 OK"
2026-08-27 00:10:18,166 [INFO] app.main: Aplicação encerrando
2026-08-27 00:10:18,168 [INFO] slowapi: Storage has been reset and all limits cleared
2026-08-27 00:10:18,170 [INFO] slowapi: Storage has been reset and all limits cleared
2026-08-27 00:10:18,173 [INFO] app.main: Aplicação iniciando
2026-08-27 00:10:18,399 [INFO] httpx: HTTP Request: POST http://testserver/auth/login "HTTP/1.1 200 OK"
2026-08-27 00:10:18,405 [INFO] httpx: HTTP Request: POST http://testserver/categorias "HTTP/1.1 201 Created"
2026-08-27 00:10:18,412 [INFO] httpx: HTTP Request: POST http://testserver/orcamentos "HTTP/1.1 201 Created"
2026-08-27 00:10:18,416 [INFO] httpx: HTTP Request: GET http://testserver/orcamentos?mes_ano=2026-11 "HTTP/1.1 200 OK"
2026-08-27 00:10:18,416 [INFO] app.main: Aplicação encerrando
2026-08-27 00:10:18,418 [INFO] slowapi: Storage has been reset and all limits cleared
2026-08-27 00:10:18,420 [INFO] slowapi: Storage has been reset and all limits cleared
2026-08-27 00:10:18,423 [INFO] app.main: Aplicação iniciando
2026-08-27 00:10:18,649 [INFO] httpx: HTTP Request: POST http://testserver/auth/login "HTTP/1.1 200 OK"
2026-08-27 00:10:18,655 [INFO] httpx: HTTP Request: POST http://testserver/categorias "HTTP/1.1 201 Created"
2026-08-27 00:10:18,661 [INFO] httpx: HTTP Request: POST http://testserver/orcamentos "HTTP/1.1 201 Created"
2026-08-27 00:10:18,667 [INFO] httpx: HTTP Request: POST http://testserver/orcamentos "HTTP/1.1 201 Created"
2026-08-27 00:10:18,670 [INFO] httpx: HTTP Request: GET http://testserver/orcamentos "HTTP/1.1 200 OK"
2026-08-27 00:10:18,671 [INFO] app.main: Aplicação encerrando
2026-08-27 00:10:18,673 [INFO] slowapi: Storage has been reset and all limits cleared
2026-08-27 00:10:18,674 [INFO] slowapi: Storage has been reset and all limits cleared
2026-08-27 00:10:18,678 [INFO] app.main: Aplicação iniciando
2026-08-27 00:10:18,904 [INFO] httpx: HTTP Request: POST http://testserver/auth/login "HTTP/1.1 200 OK"
2026-08-27 00:10:18,907 [INFO] httpx: HTTP Request: GET http://testserver/orcamentos?mes_ano=invalido "HTTP/1.1 400 Bad Request"
2026-08-27 00:10:18,908 [INFO] app.main: Aplicação encerrando
2026-08-27 00:10:18,910 [INFO] slowapi: Storage has been reset and all limits cleared
2026-08-27 00:10:18,911 [INFO] slowapi: Storage has been reset and all limits cleared
2026-08-27 00:10:18,915 [INFO] app.main: Aplicação iniciando
2026-08-27 00:10:19,141 [INFO] httpx: HTTP Request: POST http://testserver/auth/login "HTTP/1.1 200 OK"
2026-08-27 00:10:19,148 [INFO] httpx: HTTP Request: POST http://testserver/categorias "HTTP/1.1 201 Created"
2026-08-27 00:10:19,155 [INFO] httpx: HTTP Request: POST http://testserver/orcamentos "HTTP/1.1 201 Created"
2026-08-27 00:10:19,158 [INFO] httpx: HTTP Request: GET http://testserver/orcamentos/1 "HTTP/1.1 200 OK"
2026-08-27 00:10:19,159 [INFO] app.main: Aplicação encerrando
2026-08-27 00:10:19,161 [INFO] slowapi: Storage has been reset and all limits cleared
2026-08-27 00:10:19,163 [INFO] slowapi: Storage has been reset and all limits cleared
2026-08-27 00:10:19,166 [INFO] app.main: Aplicação iniciando
2026-08-27 00:10:19,393 [INFO] httpx: HTTP Request: POST http://testserver/auth/login "HTTP/1.1 200 OK"
2026-08-27 00:10:19,397 [INFO] httpx: HTTP Request: GET http://testserver/orcamentos/99999 "HTTP/1.1 404 Not Found"
2026-08-27 00:10:19,397 [INFO] app.main: Aplicação encerrando
2026-08-27 00:10:19,399 [INFO] slowapi: Storage has been reset and all limits cleared
2026-08-27 00:10:19,400 [INFO] slowapi: Storage has been reset and all limits cleared
2026-08-27 00:10:19,404 [INFO] app.main: Aplicação iniciando
2026-08-27 00:10:19,631 [INFO] httpx: HTTP Request: POST http://testserver/auth/login "HTTP/1.1 200 OK"
2026-08-27 00:10:19,636 [INFO] httpx: HTTP Request: POST http://testserver/categorias "HTTP/1.1 201 Created"
2026-08-27 00:10:19,643 [INFO] httpx: HTTP Request: POST http://testserver/orcamentos "HTTP/1.1 201 Created"
2026-08-27 00:10:19,649 [INFO] httpx: HTTP Request: PUT http://testserver/orcamentos/1 "HTTP/1.1 200 OK"
2026-08-27 00:10:19,650 [INFO] app.main: Aplicação encerrando
2026-08-27 00:10:19,652 [INFO] slowapi: Storage has been reset and all limits cleared
2026-08-27 00:10:19,653 [INFO] slowapi: Storage has been reset and all limits cleared
2026-08-27 00:10:19,657 [INFO] app.main: Aplicação iniciando
2026-08-27 00:10:19,884 [INFO] httpx: HTTP Request: POST http://testserver/auth/login "HTTP/1.1 200 OK"
2026-08-27 00:10:19,891 [INFO] httpx: HTTP Request: POST http://testserver/categorias "HTTP/1.1 201 Created"
2026-08-27 00:10:19,897 [INFO] httpx: HTTP Request: POST http://testserver/orcamentos "HTTP/1.1 201 Created"
2026-08-27 00:10:19,902 [INFO] httpx: HTTP Request: DELETE http://testserver/orcamentos/1 "HTTP/1.1 204 No Content"
2026-08-27 00:10:19,906 [INFO] httpx: HTTP Request: GET http://testserver/orcamentos/1 "HTTP/1.1 404 Not Found"
2026-08-27 00:10:19,906 [INFO] app.main: Aplicação encerrando
2026-08-27 00:10:19,909 [INFO] slowapi: Storage has been reset and all limits cleared
2026-08-27 00:10:19,910 [INFO] slowapi: Storage has been reset and all limits cleared
2026-08-27 00:10:19,914 [INFO] app.main: Aplicação iniciando
2026-08-27 00:10:20,141 [INFO] httpx: HTTP Request: POST http://testserver/auth/login "HTTP/1.1 200 OK"
2026-08-27 00:10:20,151 [INFO] httpx: HTTP Request: POST http://testserver/contas "HTTP/1.1 201 Created"
2026-08-27 00:10:20,158 [INFO] httpx: HTTP Request: POST http://testserver/transacoes "HTTP/1.1 201 Created"
2026-08-27 00:10:20,164 [INFO] httpx: HTTP Request: POST http://testserver/transacoes "HTTP/1.1 201 Created"
2026-08-27 00:10:20,177 [INFO] httpx: HTTP Request: GET http://testserver/resumo/mensal?mes_ano=2026-03 "HTTP/1.1 200 OK"
2026-08-27 00:10:20,178 [INFO] app.main: Aplicação encerrando
2026-08-27 00:10:20,180 [INFO] slowapi: Storage has been reset and all limits cleared
2026-08-27 00:10:20,182 [INFO] slowapi: Storage has been reset and all limits cleared
2026-08-27 00:10:20,185 [INFO] app.main: Aplicação iniciando
2026-08-27 00:10:20,411 [INFO] httpx: HTTP Request: POST http://testserver/auth/login "HTTP/1.1 200 OK"
2026-08-27 00:10:20,417 [INFO] httpx: HTTP Request: POST http://testserver/contas "HTTP/1.1 201 Created"
2026-08-27 00:10:20,425 [INFO] httpx: HTTP Request: POST http://testserver/transacoes "HTTP/1.1 201 Created"
2026-08-27 00:10:20,432 [INFO] httpx: HTTP Request: GET http://testserver/resumo/mensal?mes_ano=2026-04 "HTTP/1.1 200 OK"
2026-08-27 00:10:20,433 [INFO] app.main: Aplicação encerrando
2026-08-27 00:10:20,435 [INFO] slowapi: Storage has been reset and all limits cleared
2026-08-27 00:10:20,436 [INFO] slowapi: Storage has been reset and all limits cleared
2026-08-27 00:10:20,440 [INFO] app.main: Aplicação iniciando
2026-08-27 00:10:20,666 [INFO] httpx: HTTP Request: POST http://testserver/auth/login "HTTP/1.1 200 OK"
2026-08-27 00:10:20,671 [INFO] httpx: HTTP Request: GET http://testserver/resumo/mensal "HTTP/1.1 200 OK"
2026-08-27 00:10:20,672 [INFO] app.main: Aplicação encerrando
2026-08-27 00:10:20,674 [INFO] slowapi: Storage has been reset and all limits cleared
2026-08-27 00:10:20,676 [INFO] slowapi: Storage has been reset and all limits cleared
2026-08-27 00:10:20,679 [INFO] app.main: Aplicação iniciando
2026-08-27 00:10:20,906 [INFO] httpx: HTTP Request: POST http://testserver/auth/login "HTTP/1.1 200 OK"
2026-08-27 00:10:20,912 [INFO] httpx: HTTP Request: POST http://testserver/contas "HTTP/1.1 201 Created"
2026-08-27 00:10:20,917 [INFO] httpx: HTTP Request: POST http://testserver/contas "HTTP/1.1 201 Created"
2026-08-27 00:10:20,925 [INFO] httpx: HTTP Request: POST http://testserver/transacoes "HTTP/1.1 201 Created"
2026-08-27 00:10:20,930 [INFO] httpx: HTTP Request: POST http://testserver/transacoes "HTTP/1.1 201 Created"
2026-08-27 00:10:20,934 [INFO] httpx: HTTP Request: DELETE http://testserver/contas/2 "HTTP/1.1 204 No Content"
2026-08-27 00:10:20,941 [INFO] httpx: HTTP Request: GET http://testserver/resumo/mensal?mes_ano=2026-03 "HTTP/1.1 200 OK"
2026-08-27 00:10:20,941 [INFO] app.main: Aplicação encerrando
2026-08-27 00:10:20,943 [INFO] slowapi: Storage has been reset and all limits cleared
2026-08-27 00:10:20,945 [INFO] slowapi: Storage has been reset and all limits cleared
2026-08-27 00:10:20,948 [INFO] app.main: Aplicação iniciando
2026-08-27 00:10:21,176 [INFO] httpx: HTTP Request: POST http://testserver/auth/login "HTTP/1.1 200 OK"
2026-08-27 00:10:21,182 [INFO] httpx: HTTP Request: POST http://testserver/contas "HTTP/1.1 201 Created"
2026-08-27 00:10:21,187 [INFO] httpx: HTTP Request: POST http://testserver/categorias "HTTP/1.1 201 Created"
2026-08-27 00:10:21,192 [INFO] httpx: HTTP Request: POST http://testserver/categorias "HTTP/1.1 201 Created"
2026-08-27 00:10:21,201 [INFO] httpx: HTTP Request: POST http://testserver/transacoes "HTTP/1.1 201 Created"
2026-08-27 00:10:21,208 [INFO] httpx: HTTP Request: POST http://testserver/transacoes "HTTP/1.1 201 Created"
2026-08-27 00:10:21,214 [INFO] httpx: HTTP Request: POST http://testserver/transacoes "HTTP/1.1 201 Created"
2026-08-27 00:10:21,220 [INFO] httpx: HTTP Request: POST http://testserver/transacoes "HTTP/1.1 201 Created"
2026-08-27 00:10:21,233 [INFO] httpx: HTTP Request: GET http://testserver/resumo/categorias?mes_ano=2026-05 "HTTP/1.1 200 OK"
2026-08-27 00:10:21,234 [INFO] app.main: Aplicação encerrando
2026-08-27 00:10:21,236 [INFO] slowapi: Storage has been reset and all limits cleared
2026-08-27 00:10:21,238 [INFO] slowapi: Storage has been reset and all limits cleared
2026-08-27 00:10:21,242 [INFO] app.main: Aplicação iniciando
2026-08-27 00:10:21,469 [INFO] httpx: HTTP Request: POST http://testserver/auth/login "HTTP/1.1 200 OK"
2026-08-27 00:10:21,476 [INFO] httpx: HTTP Request: POST http://testserver/contas "HTTP/1.1 201 Created"
2026-08-27 00:10:21,484 [INFO] httpx: HTTP Request: POST http://testserver/transacoes "HTTP/1.1 201 Created"
2026-08-27 00:10:21,488 [INFO] httpx: HTTP Request: GET http://testserver/resumo/categorias?mes_ano=2026-06 "HTTP/1.1 200 OK"
2026-08-27 00:10:21,489 [INFO] app.main: Aplicação encerrando
2026-08-27 00:10:21,491 [INFO] slowapi: Storage has been reset and all limits cleared
2026-08-27 00:10:21,493 [INFO] slowapi: Storage has been reset and all limits cleared
2026-08-27 00:10:21,496 [INFO] app.main: Aplicação iniciando
2026-08-27 00:10:21,723 [INFO] httpx: HTTP Request: POST http://testserver/auth/login "HTTP/1.1 200 OK"
2026-08-27 00:10:21,730 [INFO] httpx: HTTP Request: PUT http://testserver/configuracao/total_categoria_separado "HTTP/1.1 200 OK"
2026-08-27 00:10:21,736 [INFO] httpx: HTTP Request: POST http://testserver/contas "HTTP/1.1 201 Created"
2026-08-27 00:10:21,741 [INFO] httpx: HTTP Request: POST http://testserver/contas "HTTP/1.1 201 Created"
2026-08-27 00:10:21,746 [INFO] httpx: HTTP Request: POST http://testserver/categorias "HTTP/1.1 201 Created"
2026-08-27 00:10:21,751 [INFO] httpx: HTTP Request: POST http://testserver/categorias "HTTP/1.1 201 Created"
2026-08-27 00:10:21,760 [INFO] httpx: HTTP Request: POST http://testserver/transacoes "HTTP/1.1 201 Created"
2026-08-27 00:10:21,766 [INFO] httpx: HTTP Request: POST http://testserver/transacoes "HTTP/1.1 201 Created"
2026-08-27 00:10:21,774 [INFO] httpx: HTTP Request: POST http://testserver/transacoes "HTTP/1.1 201 Created"
2026-08-27 00:10:21,780 [INFO] httpx: HTTP Request: POST http://testserver/transacoes "HTTP/1.1 201 Created"
2026-08-27 00:10:21,786 [INFO] httpx: HTTP Request: POST http://testserver/transacoes "HTTP/1.1 201 Created"
2026-08-27 00:10:21,791 [INFO] httpx: HTTP Request: DELETE http://testserver/contas/2 "HTTP/1.1 204 No Content"
2026-08-27 00:10:21,796 [INFO] httpx: HTTP Request: DELETE http://testserver/categorias/2 "HTTP/1.1 204 No Content"
2026-08-27 00:10:21,805 [INFO] httpx: HTTP Request: GET http://testserver/resumo/categorias/total "HTTP/1.1 200 OK"
2026-08-27 00:10:21,806 [INFO] app.main: Aplicação encerrando
2026-08-27 00:10:21,808 [INFO] slowapi: Storage has been reset and all limits cleared
2026-08-27 00:10:21,810 [INFO] slowapi: Storage has been reset and all limits cleared
2026-08-27 00:10:21,813 [INFO] app.main: Aplicação iniciando
2026-08-27 00:10:22,041 [INFO] httpx: HTTP Request: POST http://testserver/auth/login "HTTP/1.1 200 OK"
2026-08-27 00:10:22,050 [INFO] httpx: HTTP Request: PUT http://testserver/configuracao/total_categoria_separado "HTTP/1.1 200 OK"
2026-08-27 00:10:22,056 [INFO] httpx: HTTP Request: POST http://testserver/contas "HTTP/1.1 201 Created"
2026-08-27 00:10:22,064 [INFO] httpx: HTTP Request: POST http://testserver/categorias "HTTP/1.1 201 Created"
2026-08-27 00:10:22,073 [INFO] httpx: HTTP Request: POST http://testserver/transacoes "HTTP/1.1 201 Created"
2026-08-27 00:10:22,080 [INFO] httpx: HTTP Request: POST http://testserver/transacoes "HTTP/1.1 201 Created"
2026-08-27 00:10:22,088 [INFO] httpx: HTTP Request: GET http://testserver/resumo/categorias/total "HTTP/1.1 200 OK"
2026-08-27 00:10:22,089 [INFO] app.main: Aplicação encerrando
2026-08-27 00:10:22,091 [INFO] slowapi: Storage has been reset and all limits cleared
2026-08-27 00:10:22,092 [INFO] slowapi: Storage has been reset and all limits cleared
2026-08-27 00:10:22,096 [INFO] app.main: Aplicação iniciando
2026-08-27 00:10:22,322 [INFO] httpx: HTTP Request: POST http://testserver/auth/login "HTTP/1.1 200 OK"
2026-08-27 00:10:22,328 [INFO] httpx: HTTP Request: POST http://testserver/contas "HTTP/1.1 201 Created"
2026-08-27 00:10:22,340 [INFO] httpx: HTTP Request: POST http://testserver/transacoes "HTTP/1.1 201 Created"
2026-08-27 00:10:22,346 [INFO] httpx: HTTP Request: POST http://testserver/transacoes "HTTP/1.1 201 Created"
2026-08-27 00:10:22,351 [INFO] httpx: HTTP Request: POST http://testserver/transacoes "HTTP/1.1 201 Created"
2026-08-27 00:10:22,357 [INFO] httpx: HTTP Request: POST http://testserver/transacoes "HTTP/1.1 201 Created"
2026-08-27 00:10:22,367 [INFO] httpx: HTTP Request: GET http://testserver/resumo/comparativo?mes1=2026-01&mes2=2026-02 "HTTP/1.1 200 OK"
2026-08-27 00:10:22,367 [INFO] app.main: Aplicação encerrando
2026-08-27 00:10:22,370 [INFO] slowapi: Storage has been reset and all limits cleared
2026-08-27 00:10:22,371 [INFO] slowapi: Storage has been reset and all limits cleared
2026-08-27 00:10:22,375 [INFO] app.main: Aplicação iniciando
2026-08-27 00:10:22,602 [INFO] httpx: HTTP Request: POST http://testserver/auth/login "HTTP/1.1 200 OK"
2026-08-27 00:10:22,605 [INFO] httpx: HTTP Request: GET http://testserver/resumo/comparativo?mes1=2026-01 "HTTP/1.1 422 Unprocessable Entity"
2026-08-27 00:10:22,606 [INFO] app.main: Aplicação encerrando
2026-08-27 00:10:22,608 [INFO] slowapi: Storage has been reset and all limits cleared
2026-08-27 00:10:22,609 [INFO] slowapi: Storage has been reset and all limits cleared
2026-08-27 00:10:22,613 [INFO] app.main: Aplicação iniciando
2026-08-27 00:10:22,839 [INFO] httpx: HTTP Request: POST http://testserver/auth/login "HTTP/1.1 200 OK"
2026-08-27 00:10:22,846 [INFO] httpx: HTTP Request: POST http://testserver/contas "HTTP/1.1 201 Created"
2026-08-27 00:10:22,853 [INFO] httpx: HTTP Request: POST http://testserver/transacoes "HTTP/1.1 201 Created"
2026-08-27 00:10:22,859 [INFO] httpx: HTTP Request: POST http://testserver/transacoes "HTTP/1.1 201 Created"
2026-08-27 00:10:22,867 [INFO] httpx: HTTP Request: GET http://testserver/resumo/comparativo?mes1=2026-07&mes2=2026-08 "HTTP/1.1 200 OK"
2026-08-27 00:10:22,868 [INFO] app.main: Aplicação encerrando
2026-08-27 00:10:22,870 [INFO] slowapi: Storage has been reset and all limits cleared
2026-08-27 00:10:22,872 [INFO] slowapi: Storage has been reset and all limits cleared
2026-08-27 00:10:22,875 [INFO] app.main: Aplicação iniciando
2026-08-27 00:10:22,877 [INFO] httpx: HTTP Request: GET http://testserver/health "HTTP/1.1 200 OK"
2026-08-27 00:10:22,878 [INFO] app.main: Aplicação encerrando
2026-08-27 00:10:22,880 [INFO] slowapi: Storage has been reset and all limits cleared
2026-08-27 00:10:22,881 [INFO] slowapi: Storage has been reset and all limits cleared
2026-08-27 00:10:22,885 [INFO] app.main: Aplicação iniciando
2026-08-27 00:10:22,957 [INFO] httpx: HTTP Request: GET http://testserver/openapi.json "HTTP/1.1 200 OK"
2026-08-27 00:10:22,958 [INFO] app.main: Aplicação encerrando
2026-08-27 00:10:22,960 [INFO] slowapi: Storage has been reset and all limits cleared
2026-08-27 00:10:22,961 [INFO] slowapi: Storage has been reset and all limits cleared
2026-08-27 00:10:22,965 [INFO] app.main: Aplicação iniciando
2026-08-27 00:10:23,191 [INFO] httpx: HTTP Request: POST http://testserver/auth/login "HTTP/1.1 200 OK"
2026-08-27 00:10:23,197 [INFO] httpx: HTTP Request: POST http://testserver/contas "HTTP/1.1 201 Created"
2026-08-27 00:10:23,207 [INFO] httpx: HTTP Request: POST http://testserver/transacoes "HTTP/1.1 201 Created"
2026-08-27 00:10:23,207 [INFO] app.main: Aplicação encerrando
2026-08-27 00:10:23,209 [INFO] slowapi: Storage has been reset and all limits cleared
2026-08-27 00:10:23,211 [INFO] slowapi: Storage has been reset and all limits cleared
2026-08-27 00:10:23,215 [INFO] app.main: Aplicação iniciando
2026-08-27 00:10:23,452 [INFO] httpx: HTTP Request: POST http://testserver/auth/login "HTTP/1.1 200 OK"
2026-08-27 00:10:23,458 [INFO] httpx: HTTP Request: POST http://testserver/contas "HTTP/1.1 201 Created"
2026-08-27 00:10:23,463 [INFO] httpx: HTTP Request: POST http://testserver/categorias "HTTP/1.1 201 Created"
2026-08-27 00:10:23,473 [INFO] httpx: HTTP Request: POST http://testserver/transacoes "HTTP/1.1 201 Created"
2026-08-27 00:10:23,474 [INFO] app.main: Aplicação encerrando
2026-08-27 00:10:23,476 [INFO] slowapi: Storage has been reset and all limits cleared
2026-08-27 00:10:23,477 [INFO] slowapi: Storage has been reset and all limits cleared
2026-08-27 00:10:23,481 [INFO] app.main: Aplicação iniciando
2026-08-27 00:10:23,708 [INFO] httpx: HTTP Request: POST http://testserver/auth/login "HTTP/1.1 200 OK"
2026-08-27 00:10:23,714 [INFO] httpx: HTTP Request: POST http://testserver/contas "HTTP/1.1 201 Created"
2026-08-27 00:10:23,717 [INFO] httpx: HTTP Request: POST http://testserver/transacoes "HTTP/1.1 422 Unprocessable Entity"
2026-08-27 00:10:23,717 [INFO] app.main: Aplicação encerrando
2026-08-27 00:10:23,719 [INFO] slowapi: Storage has been reset and all limits cleared
2026-08-27 00:10:23,721 [INFO] slowapi: Storage has been reset and all limits cleared
2026-08-27 00:10:23,724 [INFO] app.main: Aplicação iniciando
2026-08-27 00:10:23,952 [INFO] httpx: HTTP Request: POST http://testserver/auth/login "HTTP/1.1 200 OK"
2026-08-27 00:10:23,956 [INFO] httpx: HTTP Request: POST http://testserver/transacoes "HTTP/1.1 400 Bad Request"
2026-08-27 00:10:23,957 [INFO] app.main: Aplicação encerrando
2026-08-27 00:10:23,958 [INFO] slowapi: Storage has been reset and all limits cleared
2026-08-27 00:10:23,960 [INFO] slowapi: Storage has been reset and all limits cleared
2026-08-27 00:10:23,964 [INFO] app.main: Aplicação iniciando
2026-08-27 00:10:24,190 [INFO] httpx: HTTP Request: POST http://testserver/auth/login "HTTP/1.1 200 OK"
2026-08-27 00:10:24,196 [INFO] httpx: HTTP Request: POST http://testserver/contas "HTTP/1.1 201 Created"
2026-08-27 00:10:24,204 [INFO] httpx: HTTP Request: POST http://testserver/transacoes "HTTP/1.1 201 Created"
2026-08-27 00:10:24,209 [INFO] httpx: HTTP Request: GET http://testserver/transacoes "HTTP/1.1 200 OK"
2026-08-27 00:10:24,210 [INFO] app.main: Aplicação encerrando
2026-08-27 00:10:24,212 [INFO] slowapi: Storage has been reset and all limits cleared
2026-08-27 00:10:24,214 [INFO] slowapi: Storage has been reset and all limits cleared
2026-08-27 00:10:24,218 [INFO] app.main: Aplicação iniciando
2026-08-27 00:10:24,445 [INFO] httpx: HTTP Request: POST http://testserver/auth/login "HTTP/1.1 200 OK"
2026-08-27 00:10:24,451 [INFO] httpx: HTTP Request: POST http://testserver/contas "HTTP/1.1 201 Created"
2026-08-27 00:10:24,459 [INFO] httpx: HTTP Request: POST http://testserver/transacoes "HTTP/1.1 201 Created"
2026-08-27 00:10:24,464 [INFO] httpx: HTTP Request: GET http://testserver/transacoes/1 "HTTP/1.1 200 OK"
2026-08-27 00:10:24,464 [INFO] app.main: Aplicação encerrando
2026-08-27 00:10:24,466 [INFO] slowapi: Storage has been reset and all limits cleared
2026-08-27 00:10:24,467 [INFO] slowapi: Storage has been reset and all limits cleared
2026-08-27 00:10:24,471 [INFO] app.main: Aplicação iniciando
2026-08-27 00:10:24,699 [INFO] httpx: HTTP Request: POST http://testserver/auth/login "HTTP/1.1 200 OK"
2026-08-27 00:10:24,703 [INFO] httpx: HTTP Request: GET http://testserver/transacoes/99999 "HTTP/1.1 404 Not Found"
2026-08-27 00:10:24,703 [INFO] app.main: Aplicação encerrando
2026-08-27 00:10:24,705 [INFO] slowapi: Storage has been reset and all limits cleared
2026-08-27 00:10:24,707 [INFO] slowapi: Storage has been reset and all limits cleared
2026-08-27 00:10:24,710 [INFO] app.main: Aplicação iniciando
2026-08-27 00:10:24,937 [INFO] httpx: HTTP Request: POST http://testserver/auth/login "HTTP/1.1 200 OK"
2026-08-27 00:10:24,943 [INFO] httpx: HTTP Request: POST http://testserver/contas "HTTP/1.1 201 Created"
2026-08-27 00:10:24,951 [INFO] httpx: HTTP Request: POST http://testserver/transacoes "HTTP/1.1 201 Created"
2026-08-27 00:10:24,958 [INFO] httpx: HTTP Request: PUT http://testserver/transacoes/1 "HTTP/1.1 200 OK"
2026-08-27 00:10:24,959 [INFO] app.main: Aplicação encerrando
2026-08-27 00:10:24,961 [INFO] slowapi: Storage has been reset and all limits cleared
2026-08-27 00:10:24,962 [INFO] slowapi: Storage has been reset and all limits cleared
2026-08-27 00:10:24,966 [INFO] app.main: Aplicação iniciando
2026-08-27 00:10:25,197 [INFO] httpx: HTTP Request: POST http://testserver/auth/login "HTTP/1.1 200 OK"
2026-08-27 00:10:25,203 [INFO] httpx: HTTP Request: POST http://testserver/contas "HTTP/1.1 201 Created"
2026-08-27 00:10:25,212 [INFO] httpx: HTTP Request: POST http://testserver/transacoes "HTTP/1.1 201 Created"
2026-08-27 00:10:25,217 [INFO] httpx: HTTP Request: POST http://testserver/transacoes "HTTP/1.1 201 Created"
2026-08-27 00:10:25,223 [INFO] httpx: HTTP Request: POST http://testserver/transacoes "HTTP/1.1 201 Created"
2026-08-27 00:10:25,228 [INFO] httpx: HTTP Request: GET http://testserver/transacoes?mes_ano=2026-03 "HTTP/1.1 200 OK"
2026-08-27 00:10:25,229 [INFO] app.main: Aplicação encerrando
2026-08-27 00:10:25,231 [INFO] slowapi: Storage has been reset and all limits cleared
2026-08-27 00:10:25,233 [INFO] slowapi: Storage has been reset and all limits cleared
2026-08-27 00:10:25,236 [INFO] app.main: Aplicação iniciando
2026-08-27 00:10:25,474 [INFO] httpx: HTTP Request: POST http://testserver/auth/login "HTTP/1.1 200 OK"
2026-08-27 00:10:25,483 [INFO] httpx: HTTP Request: POST http://testserver/contas "HTTP/1.1 201 Created"
2026-08-27 00:10:25,491 [INFO] httpx: HTTP Request: POST http://testserver/transacoes "HTTP/1.1 201 Created"
2026-08-27 00:10:25,495 [INFO] httpx: HTTP Request: GET http://testserver/transacoes?mes_ano=2026-05 "HTTP/1.1 200 OK"
2026-08-27 00:10:25,496 [INFO] app.main: Aplicação encerrando
2026-08-27 00:10:25,498 [INFO] slowapi: Storage has been reset and all limits cleared
2026-08-27 00:10:25,499 [INFO] slowapi: Storage has been reset and all limits cleared
2026-08-27 00:10:25,503 [INFO] app.main: Aplicação iniciando
2026-08-27 00:10:25,731 [INFO] httpx: HTTP Request: POST http://testserver/auth/login "HTTP/1.1 200 OK"
2026-08-27 00:10:25,737 [INFO] httpx: HTTP Request: POST http://testserver/contas "HTTP/1.1 201 Created"
2026-08-27 00:10:25,827 [INFO] httpx: HTTP Request: POST http://testserver/transacoes "HTTP/1.1 201 Created"
2026-08-27 00:10:25,833 [INFO] httpx: HTTP Request: POST http://testserver/transacoes "HTTP/1.1 201 Created"
2026-08-27 00:10:25,838 [INFO] httpx: HTTP Request: GET http://testserver/transacoes "HTTP/1.1 200 OK"
2026-08-27 00:10:25,839 [INFO] app.main: Aplicação encerrando
2026-08-27 00:10:25,841 [INFO] slowapi: Storage has been reset and all limits cleared
2026-08-27 00:10:25,842 [INFO] slowapi: Storage has been reset and all limits cleared
2026-08-27 00:10:25,847 [INFO] app.main: Aplicação iniciando
2026-08-27 00:10:26,075 [INFO] httpx: HTTP Request: POST http://testserver/auth/login "HTTP/1.1 200 OK"
2026-08-27 00:10:26,078 [INFO] httpx: HTTP Request: GET http://testserver/transacoes?mes_ano=invalido "HTTP/1.1 400 Bad Request"
2026-08-27 00:10:26,079 [INFO] app.main: Aplicação encerrando
2026-08-27 00:10:26,081 [INFO] slowapi: Storage has been reset and all limits cleared
2026-08-27 00:10:26,082 [INFO] slowapi: Storage has been reset and all limits cleared
2026-08-27 00:10:26,086 [INFO] app.main: Aplicação iniciando
2026-08-27 00:10:26,314 [INFO] httpx: HTTP Request: POST http://testserver/auth/login "HTTP/1.1 200 OK"
2026-08-27 00:10:26,321 [INFO] httpx: HTTP Request: POST http://testserver/contas "HTTP/1.1 201 Created"
2026-08-27 00:10:26,330 [INFO] httpx: HTTP Request: POST http://testserver/transacoes "HTTP/1.1 201 Created"
2026-08-27 00:10:26,336 [INFO] httpx: HTTP Request: DELETE http://testserver/transacoes/1 "HTTP/1.1 204 No Content"
2026-08-27 00:10:26,340 [INFO] httpx: HTTP Request: GET http://testserver/transacoes/1 "HTTP/1.1 404 Not Found"
2026-08-27 00:10:26,340 [INFO] app.main: Aplicação encerrando
2026-08-27 00:10:26,343 [INFO] slowapi: Storage has been reset and all limits cleared
